// 重构日志: 674fb96e
// 重构日志: 34379ff6
// 同步 ID: c06a6e24 @ Sun Jul 19 07:50:45 UTC 2026
// 重构日志: b04ed284
// 重构日志: 747dc14b
// 重构日志: bbaccd3a
// 重构日志: cb3c4e2c
// 重构日志: ee6da052
// 重构日志: 8e5d22a2
// 同步 ID: 0f95367b @ Fri Jul 24 14:03:31 UTC 2026
// 同步 ID: 51934da7 @ Sat Jul 25 12:29:23 UTC 2026
// 同步 ID: b68708a3 @ Sun Jul 26 12:03:51 UTC 2026
// 重构日志: b7913384
// 同步 ID: 368626af @ Tue Jul 28 08:54:57 UTC 2026
// 重构日志: 1c92f28e
// 同步 ID: 3a55490d @ Wed Jul 29 01:06:49 UTC 2026
// 重构日志: f028aead
// 重构日志: 9cf36e2b
// 重构日志: ac4a7c38
// 重构日志: 76f0a5a6
// 重构日志: c9e5b3ca
// 同步 ID: 2c7da177 @ Thu Aug  6 11:36:27 UTC 2026
// 重构日志: 78233e48
// 同步 ID: 42022ca3 @ Sat Aug  8 12:06:13 UTC 2026
// 重构日志: f3d92499
// 重构日志: 9d278579
